  Γû▓ Next.js 14.2.30
  - Environments: .env

   Creating an optimized production build ...
node.exe : Browserslist: 
browsers data 
(caniuse-lite) is 7 months 
old. Please run:
At C:\Program 
Files\nodejs\npx.ps1:29 
char:3
+   & $NODE_EXE $NPX_CLI_JS 
$args
+   ~~~~~~~~~~~~~~~~~~~~~~~~
~~~~~
    + CategoryInfo          
    : NotSpecified: (Brows  
  erslist: b...ld. Please   
  run::String) [], Remot    
eException
    + FullyQualifiedErrorId 
    : NativeCommandError
 
  npx update-browserslist-db
@latest
  Why you should do it 
regularly: https://github.co
m/browserslist/update-db#rea
dme
Browserslist: caniuse-lite 
is outdated. Please run:
  npx update-browserslist-db
@latest
  Why you should do it 
regularly: https://github.co
m/browserslist/update-db#rea
dme
 Γ£ô Compiled successfully
   Linting and checking validity of types ...
   Collecting page data ...
Error: Cannot find module 
'./9276.js'
Require stack:
- C:\Users\adwai\story-w3\.n
ext\server\webpack-runtime.j
s
- C:\Users\adwai\story-w3\.n
ext\server\app\api\get-asset
s\route.js
- C:\Users\adwai\story-w3\no
de_modules\next\dist\server\
require.js
- C:\Users\adwai\story-w3\no
de_modules\next\dist\server\
load-components.js
- C:\Users\adwai\story-w3\no
de_modules\next\dist\build\u
tils.js
- C:\Users\adwai\story-w3\no
de_modules\next\dist\build\w
orker.js
- C:\Users\adwai\story-w3\no
de_modules\next\dist\compile
d\jest-worker\processChild.j
s
    at Function.<anonymous> 
(node:internal/modules/cjs/l
oader:1405:15)
    at C:\Users\adwai\story-
w3\node_modules\next\dist\se
rver\require-hook.js:55:36
    at defaultResolveImpl (n
ode:internal/modules/cjs/loa
der:1061:19)
    at 
resolveForCJSWithHooks (node
:internal/modules/cjs/loader
:1066:22)
    at Function._load (node:
internal/modules/cjs/loader:
1215:37)
    at 
TracingChannel.traceSync (no
de:diagnostics_channel:322:1
4)
    at wrapModuleLoad (node:
internal/modules/cjs/loader:
235:24)
    at Module.<anonymous> (n
ode:internal/modules/cjs/loa
der:1491:12)
    at mod.require (C:\Users
\adwai\story-w3\node_modules
\next\dist\server\require-ho
ok.js:65:28)
    at require (node:interna
l/modules/helpers:135:16) {
  code: 'MODULE_NOT_FOUND',
  requireStack: [
    'C:\\Users\\adwai\\story
-w3\\.next\\server\\webpack-
runtime.js',
    'C:\\Users\\adwai\\story
-w3\\.next\\server\\app\\api
\\get-assets\\route.js',
    'C:\\Users\\adwai\\story
-w3\\node_modules\\next\\dis
t\\server\\require.js',
    'C:\\Users\\adwai\\story
-w3\\node_modules\\next\\dis
t\\server\\load-components.j
s',
    'C:\\Users\\adwai\\story
-w3\\node_modules\\next\\dis
t\\build\\utils.js',
    'C:\\Users\\adwai\\story
-w3\\node_modules\\next\\dis
t\\build\\worker.js',
    'C:\\Users\\adwai\\story
-w3\\node_modules\\next\\dis
t\\compiled\\jest-worker\\pr
ocessChild.js'
  ]
}

> Build error occurred
Error: Failed to collect 
page data for 
/api/get-assets
    at C:\Users\adwai\story-
w3\node_modules\next\dist\bu
ild\utils.js:1269:15
    at process.processTicksA
ndRejections (node:internal/
process/task_queues:105:5) {
  type: 'Error'
}
